
START - automation started - Thu Sep 24 2026 21:17:31 GMT-0300 (Hora estándar de Argentina)
https://web.telegram.org/a/ - Telegram

wait 8
Sesion lista. Monitoreando barra lateral...
--- Buscando mensajes pendientes ---
En espera: Sin mensajes pendientes en la barra lateral.
wait 4
--- Buscando mensajes pendientes ---
Chat detectado. Ingresando a la conversacion...
wait 3
Mensaje recibido: Buenas
dump Buenas to ../in.txt
py base2 = open('tagui_base.txt').read().strip()
py import subprocess, os
py os.path.exists(base2 + '/../out.txt') and os.remove(base2 + '/../out.txt')
py subprocess.run(['python', base2 + '/procesar_consulta.py'], check=False)
Respuesta generada por Python.
py import base64
py b64 = base64.b64encode(open(base2 + '/../out.txt', 'rb').read()).decode()
py print(b64)
Estado de la insercion: {"id":7,"result":{"result":{"type":"string","value":"INSERT:true:286"}}}
wait 2
Mensaje despachado al usuario correctamente.
wait 1
wait 2
wait 4
--- Buscando mensajes pendientes ---
Chat detectado. Ingresando a la conversacion...
wait 3
Mensaje recibido: hola
dump hola to ../in.txt
py base2 = open('tagui_base.txt').read().strip()
py import subprocess, os
py os.path.exists(base2 + '/../out.txt') and os.remove(base2 + '/../out.txt')
py subprocess.run(['python', base2 + '/procesar_consulta.py'], check=False)
Respuesta generada por Python.
py import base64
py b64 = base64.b64encode(open(base2 + '/../out.txt', 'rb').read()).decode()
py print(b64)
Estado de la insercion: {"id":16,"result":{"result":{"type":"string","value":"INSERT:true:286"}}}
wait 2
Mensaje despachado al usuario correctamente.
wait 1
wait 2
wait 4
--- Buscando mensajes pendientes ---
Chat detectado. Ingresando a la conversacion...
wait 3
Mensaje recibido: Maquiyage
dump Maquiyage to ../in.txt
py base2 = open('tagui_base.txt').read().strip()
py import subprocess, os
py os.path.exists(base2 + '/../out.txt') and os.remove(base2 + '/../out.txt')
py subprocess.run(['python', base2 + '/procesar_consulta.py'], check=False)
Respuesta generada por Python.
py import base64
py b64 = base64.b64encode(open(base2 + '/../out.txt', 'rb').read()).decode()
py print(b64)
Estado de la insercion: {"id":25,"result":{"result":{"type":"string","value":"INSERT:true:63"}}}
wait 2
Mensaje despachado al usuario correctamente.
wait 1
wait 2
wait 4
--- Buscando mensajes pendientes ---
Chat detectado. Ingresando a la conversacion...
wait 3
Mensaje recibido: maquillaje
dump maquillaje to ../in.txt
py base2 = open('tagui_base.txt').read().strip()
py import subprocess, os
py os.path.exists(base2 + '/../out.txt') and os.remove(base2 + '/../out.txt')
py subprocess.run(['python', base2 + '/procesar_consulta.py'], check=False)
Respuesta generada por Python.
py import base64
py b64 = base64.b64encode(open(base2 + '/../out.txt', 'rb').read()).decode()
py print(b64)
Estado de la insercion: {"id":34,"result":{"result":{"type":"string","value":"INSERT:true:166"}}}
wait 2
Mensaje despachado al usuario correctamente.
wait 1
wait 2
wait 4
--- Buscando mensajes pendientes ---
Chat detectado. Ingresando a la conversacion...
wait 3
Mensaje recibido: barber
dump barber to ../in.txt
py base2 = open('tagui_base.txt').read().strip()
py import subprocess, os
py os.path.exists(base2 + '/../out.txt') and os.remove(base2 + '/../out.txt')
py subprocess.run(['python', base2 + '/procesar_consulta.py'], check=False)
Respuesta generada por Python.
py import base64
py b64 = base64.b64encode(open(base2 + '/../out.txt', 'rb').read()).decode()
py print(b64)
Estado de la insercion: {"id":43,"result":{"result":{"type":"string","value":"INSERT:true:204"}}}
wait 2
Mensaje despachado al usuario correctamente.
wait 1
wait 2
wait 4
--- Buscando mensajes pendientes ---
En espera: Sin mensajes pendientes en la barra lateral.
wait 4
--- Buscando mensajes pendientes ---
En espera: Sin mensajes pendientes en la barra lateral.
wait 4
--- Buscando mensajes pendientes ---
En espera: Sin mensajes pendientes en la barra lateral.
wait 4
--- Buscando mensajes pendientes ---
En espera: Sin mensajes pendientes en la barra lateral.
wait 4
--- Buscando mensajes pendientes ---
En espera: Sin mensajes pendientes en la barra lateral.
wait 4
--- Buscando mensajes pendientes ---
En espera: Sin mensajes pendientes en la barra lateral.
wait 4
--- Buscando mensajes pendientes ---
En espera: Sin mensajes pendientes en la barra lateral.
wait 4
--- Buscando mensajes pendientes ---
En espera: Sin mensajes pendientes en la barra lateral.
wait 4
--- Buscando mensajes pendientes ---
Chat detectado. Ingresando a la conversacion...
wait 3
Mensaje recibido: gracias
dump gracias to ../in.txt
py base2 = open('tagui_base.txt').read().strip()
py import subprocess, os
py os.path.exists(base2 + '/../out.txt') and os.remove(base2 + '/../out.txt')
py subprocess.run(['python', base2 + '/procesar_consulta.py'], check=False)
Respuesta generada por Python.
py import base64
py b64 = base64.b64encode(open(base2 + '/../out.txt', 'rb').read()).decode()
py print(b64)
Estado de la insercion: {"id":60,"result":{"result":{"type":"string","value":"INSERT:true:46"}}}
wait 2
Mensaje despachado al usuario correctamente.
wait 1
wait 2
wait 4
--- Buscando mensajes pendientes ---
En espera: Sin mensajes pendientes en la barra lateral.
wait 4
--- Buscando mensajes pendientes ---
En espera: Sin mensajes pendientes en la barra lateral.
wait 4
--- Buscando mensajes pendientes ---
En espera: Sin mensajes pendientes en la barra lateral.
wait 4
--- Buscando mensajes pendientes ---
En espera: Sin mensajes pendientes en la barra lateral.
wait 4
--- Buscando mensajes pendientes ---
En espera: Sin mensajes pendientes en la barra lateral.
wait 4
--- Buscando mensajes pendientes ---
En espera: Sin mensajes pendientes en la barra lateral.
wait 4
--- Buscando mensajes pendientes ---
En espera: Sin mensajes pendientes en la barra lateral.
wait 4
--- Buscando mensajes pendientes ---
En espera: Sin mensajes pendientes en la barra lateral.
wait 4
--- Buscando mensajes pendientes ---
En espera: Sin mensajes pendientes en la barra lateral.
wait 4
--- Buscando mensajes pendientes ---
En espera: Sin mensajes pendientes en la barra lateral.
wait 4
--- Buscando mensajes pendientes ---
En espera: Sin mensajes pendientes en la barra lateral.
wait 4
--- Buscando mensajes pendientes ---
En espera: Sin mensajes pendientes en la barra lateral.
wait 4
--- Buscando mensajes pendientes ---
En espera: Sin mensajes pendientes en la barra lateral.
wait 4
--- Buscando mensajes pendientes ---
En espera: Sin mensajes pendientes en la barra lateral.
wait 4
--- Buscando mensajes pendientes ---
En espera: Sin mensajes pendientes en la barra lateral.
wait 4
--- Buscando mensajes pendientes ---
En espera: Sin mensajes pendientes en la barra lateral.
wait 4
--- Buscando mensajes pendientes ---
En espera: Sin mensajes pendientes en la barra lateral.
wait 4
--- Buscando mensajes pendientes ---
En espera: Sin mensajes pendientes en la barra lateral.
wait 4
--- Buscando mensajes pendientes ---
En espera: Sin mensajes pendientes en la barra lateral.
wait 4
--- Buscando mensajes pendientes ---
En espera: Sin mensajes pendientes en la barra lateral.
wait 4
--- Buscando mensajes pendientes ---
En espera: Sin mensajes pendientes en la barra lateral.
wait 4
--- Buscando mensajes pendientes ---
En espera: Sin mensajes pendientes en la barra lateral.
wait 4
